export const snapshot = {};

snapshot[`minifyCss 1`] = `"body,html{padding:0;margin:0}"`;
