export const snapshot = {};

snapshot[`transformScss 1`] = `
'body {
  background-color: #fbfbfb;
  background-image: url("data:image/svg+xml;base64,PHN2ZyB4bWxucz0iaHR0cDovL3d3dy53My5vcmcvMjAwMC9zdmciIHZpZXdCb3g9IjAgMCAxMDAgMTAwIj4KICA8IS0tIEJhc2UgdHJhbnNwYXJlbnQgYmFja2dyb3VuZCAtLT4KICA8cmVjdCB3aWR0aD0iMTAwIiBoZWlnaHQ9IjEwMCIgZmlsbD0idHJhbnNwYXJlbnQiLz4KICAKICA8IS0tIFN1YnRsZSBnZW9tZXRyaWMgcGF0dGVybiAtLT4KICA8ZyBmaWxsPSIjMzMzMzMzIiBmaWxsLW9wYWNpdHk9IjAuMDMiPgogICAgPCEtLSBTbWFsbCBjaXJjbGVzIC0tPgogICAgPGNpcmNsZSBjeD0iMTAiIGN5PSIxMCIgcj0iMS41Ii8+CiAgICA8Y2lyY2xlIGN4PSIzMCIgY3k9IjEwIiByPSIxLjUiLz4KICAgIDxjaXJjbGUgY3g9IjUwIiBjeT0iMTAiIHI9IjEuNSIvPgogICAgPGNpcmNsZSBjeD0iNzAiIGN5PSIxMCIgcj0iMS41Ii8+CiAgICA8Y2lyY2xlIGN4PSI5MCIgY3k9IjEwIiByPSIxLjUiLz4KICAgIAogICAgPGNpcmNsZSBjeD0iMjAiIGN5PSIyMCIgcj0iMS41Ii8+CiAgICA8Y2lyY2xlIGN4PSI0MCIgY3k9IjIwIiByPSIxLjUiLz4KICAgIDxjaXJjbGUgY3g9IjYwIiBjeT0iMjAiIHI9IjEuNSIvPgogICAgPGNpcmNsZSBjeD0iODAiIGN5PSIyMCIgcj0iMS41Ii8+CiAgICAKICAgIDxjaXJjbGUgY3g9IjEwIiBjeT0iMzAiIHI9IjEuNSIvPgogICAgPGNpcmNsZSBjeD0iMzAiIGN5PSIzMCIgcj0iMS41Ii8+CiAgICA8Y2lyY2xlIGN4PSI1MCIgY3k9IjMwIiByPSIxLjUiLz4KICAgIDxjaXJjbGUgY3g9IjcwIiBjeT0iMzAiIHI9IjEuNSIvPgogICAgPGNpcmNsZSBjeD0iOTAiIGN5PSIzMCIgcj0iMS41Ii8+CiAgICAKICAgIDxjaXJjbGUgY3g9IjIwIiBjeT0iNDAiIHI9IjEuNSIvPgogICAgPGNpcmNsZSBjeD0iNDAiIGN5PSI0MCIgcj0iMS41Ii8+CiAgICA8Y2lyY2xlIGN4PSI2MCIgY3k9IjQwIiByPSIxLjUiLz4KICAgIDxjaXJjbGUgY3g9IjgwIiBjeT0iNDAiIHI9IjEuNSIvPgogICAgCiAgICA8Y2lyY2xlIGN4PSIxMCIgY3k9IjUwIiByPSIxLjUiLz4KICAgIDxjaXJjbGUgY3g9IjMwIiBjeT0iNTAiIHI9IjEuNSIvPgogICAgPGNpcmNsZSBjeD0iNTAiIGN5PSI1MCIgcj0iMS41Ii8+CiAgICA8Y2lyY2xlIGN4PSI3MCIgY3k9IjUwIiByPSIxLjUiLz4KICAgIDxjaXJjbGUgY3g9IjkwIiBjeT0iNTAiIHI9IjEuNSIvPgogICAgCiAgICA8Y2lyY2xlIGN4PSIyMCIgY3k9IjYwIiByPSIxLjUiLz4KICAgIDxjaXJjbGUgY3g9IjQwIiBjeT0iNjAiIHI9IjEuNSIvPgogICAgPGNpcmNsZSBjeD0iNjAiIGN5PSI2MCIgcj0iMS41Ii8+CiAgICA8Y2lyY2xlIGN4PSI4MCIgY3k9IjYwIiByPSIxLjUiLz4KICAgIAogICAgPGNpcmNsZSBjeD0iMTAiIGN5PSI3MCIgcj0iMS41Ii8+CiAgICA8Y2lyY2xlIGN4PSIzMCIgY3k9IjcwIiByPSIxLjUiLz4KICAgIDxjaXJjbGUgY3g9IjUwIiBjeT0iNzAiIHI9IjEuNSIvPgogICAgPGNpcmNsZSBjeD0iNzAiIGN5PSI3MCIgcj0iMS41Ii8+CiAgICA8Y2lyY2xlIGN4PSI5MCIgY3k9IjcwIiByPSIxLjUiLz4KICAgIAogICAgPGNpcmNsZSBjeD0iMjAiIGN5PSI4MCIgcj0iMS41Ii8+CiAgICA8Y2lyY2xlIGN4PSI0MCIgY3k9IjgwIiByPSIxLjUiLz4KICAgIDxjaXJjbGUgY3g9IjYwIiBjeT0iODAiIHI9IjEuNSIvPgogICAgPGNpcmNsZSBjeD0iODAiIGN5PSI4MCIgcj0iMS41Ii8+CiAgICAKICAgIDxjaXJjbGUgY3g9IjEwIiBjeT0iOTAiIHI9IjEuNSIvPgogICAgPGNpcmNsZSBjeD0iMzAiIGN5PSI5MCIgcj0iMS41Ii8+CiAgICA8Y2lyY2xlIGN4PSI1MCIgY3k9IjkwIiByPSIxLjUiLz4KICAgIDxjaXJjbGUgY3g9IjcwIiBjeT0iOTAiIHI9IjEuNSIvPgogICAgPGNpcmNsZSBjeD0iOTAiIGN5PSI5MCIgcj0iMS41Ii8+CiAgICAKICAgIDwhLS0gVGhpbiBsaW5lcyAtLT4KICAgIDxsaW5lIHgxPSIwIiB5MT0iMjUiIHgyPSIxMDAiIHkyPSIyNSIgc3Ryb2tlPSIjMzMzMzMzIiBzdHJva2Utb3BhY2l0eT0iMC4wMiIgc3Ryb2tlLXdpZHRoPSIwLjUiLz4KICAgIDxsaW5lIHgxPSIwIiB5MT0iNzUiIHgyPSIxMDAiIHkyPSI3NSIgc3Ryb2tlPSIjMzMzMzMzIiBzdHJva2Utb3BhY2l0eT0iMC4wMiIgc3Ryb2tlLXdpZHRoPSIwLjUiLz4KICAgIDxsaW5lIHgxPSIyNSIgeTE9IjAiIHgyPSIyNSIgeTI9IjEwMCIgc3Ryb2tlPSIjMzMzMzMzIiBzdHJva2Utb3BhY2l0eT0iMC4wMiIgc3Ryb2tlLXdpZHRoPSIwLjUiLz4KICAgIDxsaW5lIHgxPSI3NSIgeTE9IjAiIHgyPSI3NSIgeTI9IjEwMCIgc3Ryb2tlPSIjMzMzMzMzIiBzdHJva2Utb3BhY2l0eT0iMC4wMiIgc3Ryb2tlLXdpZHRoPSIwLjUiLz4KICA8L2c+Cjwvc3ZnPg==");
  background-repeat: repeat;
  background-size: 200px 200px;
  background-attachment: fixed;
}'
`;

snapshot[`StandardComponent 1`] = `'<!doctype html><html><head><meta charset="utf-8"/><meta name="viewport" content="width=device-width,initial-scale=1.0,maximum-scale=1.0"/><script type="importmap">{"imports":{"preact":"https://esm.sh/preact@10.26.5","preact/hooks":"https://esm.sh/preact@10.26.5/hooks","preact/debug":"https://esm.sh/preact@10.26.5/debug","preact/devtools":"https://esm.sh/preact@10.26.5/devtools","react":"https://esm.sh/preact@10.26.5","react/jsx-runtime":"https://esm.sh/preact@10.26.5/jsx-runtime","preact/jsx-runtime":"https://esm.sh/preact@10.26.5/jsx-runtime","react-dom":"https://esm.sh/preact@10.26.5/compat/","react-dom/*":"https://esm.sh/preact@10.26.5/compat/*","htm/preact":"https://esm.sh/htm@3.1.1/preact?external=preact","preact-iso":"https://esm.sh/preact-iso@^2.9.1?external=preact","preact-iso/prerender":"/fullsoak","@preact/signals":"https://esm.sh/@preact/signals","fullsoak/preact-iso":"https://esm.sh/preact-iso@^2.9.1?external=preact","@fullsoak/fullsoak/preact-iso":"https://esm.sh/preact-iso@^2.9.1?external=preact","fullsoak":"/fullsoak","@fullsoak/fullsoak":"/fullsoak"}}</script><link rel="modulepreload" href="/components/StandardComponent/mount" as="script" type="text/javascript"/><link rel="modulepreload" href="/components/StandardComponent/index.tsx" as="script" type="text/javascript"/><script type="text/javascript"></script><style>@import url(/components/Shared/styles.css);.foo{background-color:#55c456}body{background-color:#fbfbfb;background-image:url("data:image/svg+xml;base64,PHN2ZyB4bWxucz0iaHR0cDovL3d3dy53My5vcmcvMjAwMC9zdmciIHZpZXdCb3g9IjAgMCAxMDAgMTAwIj4KICA8IS0tIEJhc2UgdHJhbnNwYXJlbnQgYmFja2dyb3VuZCAtLT4KICA8cmVjdCB3aWR0aD0iMTAwIiBoZWlnaHQ9IjEwMCIgZmlsbD0idHJhbnNwYXJlbnQiLz4KICAKICA8IS0tIFN1YnRsZSBnZW9tZXRyaWMgcGF0dGVybiAtLT4KICA8ZyBmaWxsPSIjMzMzMzMzIiBmaWxsLW9wYWNpdHk9IjAuMDMiPgogICAgPCEtLSBTbWFsbCBjaXJjbGVzIC0tPgogICAgPGNpcmNsZSBjeD0iMTAiIGN5PSIxMCIgcj0iMS41Ii8+CiAgICA8Y2lyY2xlIGN4PSIzMCIgY3k9IjEwIiByPSIxLjUiLz4KICAgIDxjaXJjbGUgY3g9IjUwIiBjeT0iMTAiIHI9IjEuNSIvPgogICAgPGNpcmNsZSBjeD0iNzAiIGN5PSIxMCIgcj0iMS41Ii8+CiAgICA8Y2lyY2xlIGN4PSI5MCIgY3k9IjEwIiByPSIxLjUiLz4KICAgIAogICAgPGNpcmNsZSBjeD0iMjAiIGN5PSIyMCIgcj0iMS41Ii8+CiAgICA8Y2lyY2xlIGN4PSI0MCIgY3k9IjIwIiByPSIxLjUiLz4KICAgIDxjaXJjbGUgY3g9IjYwIiBjeT0iMjAiIHI9IjEuNSIvPgogICAgPGNpcmNsZSBjeD0iODAiIGN5PSIyMCIgcj0iMS41Ii8+CiAgICAKICAgIDxjaXJjbGUgY3g9IjEwIiBjeT0iMzAiIHI9IjEuNSIvPgogICAgPGNpcmNsZSBjeD0iMzAiIGN5PSIzMCIgcj0iMS41Ii8+CiAgICA8Y2lyY2xlIGN4PSI1MCIgY3k9IjMwIiByPSIxLjUiLz4KICAgIDxjaXJjbGUgY3g9IjcwIiBjeT0iMzAiIHI9IjEuNSIvPgogICAgPGNpcmNsZSBjeD0iOTAiIGN5PSIzMCIgcj0iMS41Ii8+CiAgICAKICAgIDxjaXJjbGUgY3g9IjIwIiBjeT0iNDAiIHI9IjEuNSIvPgogICAgPGNpcmNsZSBjeD0iNDAiIGN5PSI0MCIgcj0iMS41Ii8+CiAgICA8Y2lyY2xlIGN4PSI2MCIgY3k9IjQwIiByPSIxLjUiLz4KICAgIDxjaXJjbGUgY3g9IjgwIiBjeT0iNDAiIHI9IjEuNSIvPgogICAgCiAgICA8Y2lyY2xlIGN4PSIxMCIgY3k9IjUwIiByPSIxLjUiLz4KICAgIDxjaXJjbGUgY3g9IjMwIiBjeT0iNTAiIHI9IjEuNSIvPgogICAgPGNpcmNsZSBjeD0iNTAiIGN5PSI1MCIgcj0iMS41Ii8+CiAgICA8Y2lyY2xlIGN4PSI3MCIgY3k9IjUwIiByPSIxLjUiLz4KICAgIDxjaXJjbGUgY3g9IjkwIiBjeT0iNTAiIHI9IjEuNSIvPgogICAgCiAgICA8Y2lyY2xlIGN4PSIyMCIgY3k9IjYwIiByPSIxLjUiLz4KICAgIDxjaXJjbGUgY3g9IjQwIiBjeT0iNjAiIHI9IjEuNSIvPgogICAgPGNpcmNsZSBjeD0iNjAiIGN5PSI2MCIgcj0iMS41Ii8+CiAgICA8Y2lyY2xlIGN4PSI4MCIgY3k9IjYwIiByPSIxLjUiLz4KICAgIAogICAgPGNpcmNsZSBjeD0iMTAiIGN5PSI3MCIgcj0iMS41Ii8+CiAgICA8Y2lyY2xlIGN4PSIzMCIgY3k9IjcwIiByPSIxLjUiLz4KICAgIDxjaXJjbGUgY3g9IjUwIiBjeT0iNzAiIHI9IjEuNSIvPgogICAgPGNpcmNsZSBjeD0iNzAiIGN5PSI3MCIgcj0iMS41Ii8+CiAgICA8Y2lyY2xlIGN4PSI5MCIgY3k9IjcwIiByPSIxLjUiLz4KICAgIAogICAgPGNpcmNsZSBjeD0iMjAiIGN5PSI4MCIgcj0iMS41Ii8+CiAgICA8Y2lyY2xlIGN4PSI0MCIgY3k9IjgwIiByPSIxLjUiLz4KICAgIDxjaXJjbGUgY3g9IjYwIiBjeT0iODAiIHI9IjEuNSIvPgogICAgPGNpcmNsZSBjeD0iODAiIGN5PSI4MCIgcj0iMS41Ii8+CiAgICAKICAgIDxjaXJjbGUgY3g9IjEwIiBjeT0iOTAiIHI9IjEuNSIvPgogICAgPGNpcmNsZSBjeD0iMzAiIGN5PSI5MCIgcj0iMS41Ii8+CiAgICA8Y2lyY2xlIGN4PSI1MCIgY3k9IjkwIiByPSIxLjUiLz4KICAgIDxjaXJjbGUgY3g9IjcwIiBjeT0iOTAiIHI9IjEuNSIvPgogICAgPGNpcmNsZSBjeD0iOTAiIGN5PSI5MCIgcj0iMS41Ii8+CiAgICAKICAgIDwhLS0gVGhpbiBsaW5lcyAtLT4KICAgIDxsaW5lIHgxPSIwIiB5MT0iMjUiIHgyPSIxMDAiIHkyPSIyNSIgc3Ryb2tlPSIjMzMzMzMzIiBzdHJva2Utb3BhY2l0eT0iMC4wMiIgc3Ryb2tlLXdpZHRoPSIwLjUiLz4KICAgIDxsaW5lIHgxPSIwIiB5MT0iNzUiIHgyPSIxMDAiIHkyPSI3NSIgc3Ryb2tlPSIjMzMzMzMzIiBzdHJva2Utb3BhY2l0eT0iMC4wMiIgc3Ryb2tlLXdpZHRoPSIwLjUiLz4KICAgIDxsaW5lIHgxPSIyNSIgeTE9IjAiIHgyPSIyNSIgeTI9IjEwMCIgc3Ryb2tlPSIjMzMzMzMzIiBzdHJva2Utb3BhY2l0eT0iMC4wMiIgc3Ryb2tlLXdpZHRoPSIwLjUiLz4KICAgIDxsaW5lIHgxPSI3NSIgeTE9IjAiIHgyPSI3NSIgeTI9IjEwMCIgc3Ryb2tlPSIjMzMzMzMzIiBzdHJva2Utb3BhY2l0eT0iMC4wMiIgc3Ryb2tlLXdpZHRoPSIwLjUiLz4KICA8L2c+Cjwvc3ZnPg==");background-repeat:repeat;background-size:200px 200px;background-attachment:fixed}</style></head><body><main id="fullsoak-htmlshell-main"><div>StandardComponent=</div></main><script type="text/javascript">window.preloadedProps = {}</script><script defer type="module" src="/components/StandardComponent/mount"></script></body></html>'`;
